<?xml version="1.0" encoding="utf-8"?><testsuites><testsuite name="pytest" errors="0" failures="4" skipped="0" tests="13" time="1.236" timestamp="2026-04-11T00:14:35.366072" hostname="ibqodeMBP"><testcase classname="test_pulp.TestPulpProduction" name="test_optimal_solution_exists" time="0.087" /><testcase classname="test_pulp.TestPulpProduction" name="test_objective_value_positive" time="0.059" /><testcase classname="test_pulp.TestPulpProduction" name="test_variable_non_negative" time="0.039" /><testcase classname="test_pulp.TestPulpProduction" name="test_constraint_satisfaction" time="0.038" /><testcase classname="test_pulp.TestPulpProduction" name="test_specific_solution_quality" time="0.040"><failure message="AssertionError: 目标函数值应该合理">test_pulp.py:68: in test_specific_solution_quality
    assert objective_value &gt;= 2000, "目标函数值应该合理"
E   AssertionError: 目标函数值应该合理</failure></testcase><testcase classname="test_pulp.TestPulpProduction" name="test_parameter_sensitivity[30-20-2000]" time="0.051"><failure message="AssertionError">test_pulp.py:87: in test_parameter_sensitivity
    assert value(prob.objective) &gt;= expected_min
E   AssertionError</failure></testcase><testcase classname="test_pulp.TestPulpProduction" name="test_parameter_sensitivity[40-20-2500]" time="0.034"><failure message="AssertionError">test_pulp.py:87: in test_parameter_sensitivity
    assert value(prob.objective) &gt;= expected_min
E   AssertionError</failure></testcase><testcase classname="test_pulp.TestPulpProduction" name="test_parameter_sensitivity[30-30-2400]" time="0.044"><failure message="AssertionError">test_pulp.py:87: in test_parameter_sensitivity
    assert value(prob.objective) &gt;= expected_min
E   AssertionError</failure></testcase><testcase classname="test_pulp.TestPulpEdgeCases" name="test_infeasible_problem" time="0.025" /><testcase classname="test_pulp.TestPulpEdgeCases" name="test_unbounded_problem" time="0.026" /><testcase classname="test_pulp.TestPulpEdgeCases" name="test_degenerate_problem" time="0.029" /><testcase classname="test_pulp.TestPulpIntegration" name="test_import_and_basic_functionality" time="0.026" /><testcase classname="test_pulp.TestPulpIntegration" name="test_error_handling" time="0.002" /></testsuite></testsuites>